STATUS: 404
BODY: <!DOCTYPE html><html lang="en"><head><meta charSet="utf-8"/><meta name="viewport" content="width=device-width, initial-scale=1"/><link rel="stylesheet" href="/_next/static/css/app/layout.css?v=1772819508926" data-precedence="next_static/css/app/layout.css"/><link rel="preload" as="script" fetchPriority="low" href="/_next/static/chunks/webpack.js?v=1772819508926"/><script src="/_next/static/chunks/main-app.js?v=1772819508926" async=""></script><script src="/_next/static/chunks/app-pages-internals.js" async=""></script><script src="/_next/static/chunks/app/layout.js" async=""></script><title>404: This page could not be found.</title><title>EKSUCORE - Student Management Platform</title><meta name="description" content="Comprehensive student management platform for educational institutions"/><meta name="generator" content="AKDebug-BB"/><script>document.querySelectorAll('body link[rel="icon"], body link[rel="apple-touch-icon"]').forEach(el => document.head.appendChild(el))</script><script src="/_next/static/chunks/polyfills.js" noModule=""></script></head><body class="font-sans __variable_fb8f2c __variable_f910ec"><!--$--><div style="font-family:system-ui,&quot;Segoe UI&quot;,Roboto,Helvetica,Arial,sans-serif,&quot;Apple Color Emoji&quot;,&quot;Segoe UI Emoji&quot;;height:100vh;text-align:center;display:flex;flex-direction:column;align-items:center;justify-content:center"><div><style>body{color:#000;background:#fff;margin:0}.next-error-h1{border-right:1px solid rgba(0,0,0,.3)}@media (prefers-color-scheme:dark){body{color:#fff;background:#000}.next-error-h1{border-right:1px solid rgba(255,255,255,.3)}}</style><h1 class="next-error-h1" style="display:inline-block;margin:0 20px 0 0;padding:0 23px 0 0;font-size:24px;font-weight:500;vertical-align:top;line-height:49px">404</h1><div style="display:inline-block"><h2 style="font-size:14px;font-weight:400;line-height:49px;margin:0">This page could not be found.</h2></div></div></div><!--$--><!--/$--><!--$--><!--/$--><!--/$--><section aria-label="Notifications alt+T" tabindex="-1" aria-live="polite" aria-relevant="additions text" aria-atomic="false"></section><!--$--><!--/$--><script src="/_next/static/chunks/webpack.js?v=1772819508926" async=""></script><script>(self.__next_f=self.__next_f||[]).push([0])</script><script>self.__next_f.push([1,"3:\"$Sreact.fragment\"\n5:I[\"(app-pages-browser)/./node_modules/next/dist/client/components/layout-router.js\",[\"app-pages-internals\",\"static/chunks/app-pages-internals.js\"],\"\"]\n6:I[\"(app-pages-browser)/./node_modules/next/dist/client/components/render-from-template-context.js\",[\"app-pages-internals\",\"static/chunks/app-pages-internals.js\"],\"\"]\n8:I[\"(app-pages-browser)/./lib/hooks/use-auth.tsx\",[\"app/layout\",\"static/chunks/app/layout.js\"],\"AuthProvider\"]\n9:\"$Sreact.suspense\"\na:I[\"(app-pages-browser)/./components/preloader.tsx\",[\"app/layout\",\"static/chunks/app/layout.js\"],\"Preloader\"]\ne:I[\"(app-pages-browser)/./components/ui/sonner.tsx\",[\"app/layout\",\"static/chunks/app/layout.js\"],\"Toaster\"]\nf:I[\"(app-pages-browser)/./node_modules/@vercel/analytics/dist/next/index.mjs\",[\"app/layout\",\"static/chunks/app/layout.js\"],\"Analytics\"]\n16:I[\"(app-pages-browser)/./node_modules/next/dist/client/components/metadata/metadata-boundary.js\",[\"app-pages-internals\",\"static/chunks/app-pages-internals.js\"],\"MetadataBoundary\"]\n19:I[\"(app-pages-browser)/./node_modules/next/dist/client/components/metadata/metadata-boundary.js\",[\"app-pages-internals\",\"static/chunks/app-pages-internals.js\"],\"OutletBoundary\"]\n20:I[\"(app-pages-browser)/./node_modules/next/dist/client/components/metadata/async-metadata.js\",[\"app-pages-internals\",\"static/chunks/app-pages-internals.js\"],\"AsyncMetadataOutlet\"]\n23:I[\"(app-pages-browser)/./node_modules/next/dist/client/components/error-boundary.js\",[\"app-pages-internals\",\"static/chunks/app-pages-internals.js\"],\"\"]\n24:I[\"(app-pages-browser)/./node_modules/next/dist/client/components/client-page.js\",[\"app-pages-internals\",\"static/chunks/app-pages-internals.js\"],\"ClientPageRoot\"]\n25:I[\"(app-pages-browser)/./node_modules/next/dist/client/components/client-segment.js\",[\"app-pages-internals\",\"static/chunks/app-pages-internals.js\"],\"ClientSegmentRoot\"]\n26:I[\"(app-pages-browser)/./node_modules/next/dist/client/components/http-access-fallback/error-boundary.js\",[\"app-pages-internals\",\"static/chunks/app-pages-internals.js\"],\"HTT"])</script><script>self.__next_f.push([1,"PAccessFallbackBoundary\"]\n27:I[\"(app-pages-browser)/./node_modules/next/dist/client/components/metadata/metadata-boundary.js\",[\"app-pages-internals\",\"static/chunks/app-pages-internals.js\"],\"ViewportBoundary\"]\n30:I[\"(app-pages-browser)/./node_modules/next/dist/client/components/metadata/async-metadata.js\",[\"app-pages-internals\",\"static/chunks/app-pages-internals.js\"],\"AsyncMetadata\"]\n:HL[\"/_next/static/css/app/layout.css?v=1772819508926\",\"style\"]\n2:{\"name\":\"Preloads\",\"env\":\"Server\",\"key\":null,\"owner\":null,\"stack\":[],\"props\":{\"preloadCallbacks\":[\"$E(()=\u003e{ctx.componentMod.preloadStyle(fullHref,ctx.renderOpts.crossOrigin,ctx.nonce)})\"]}}\n1:D\"$2\"\n1:null\n7:{\"name\":\"RootLayout\",\"env\":\"Server\",\"key\":null,\"owner\":null,\"stack\":[],\"props\":{\"children\":[\"$\",\"$L5\",null,{\"parallelRouterKey\":\"children\",\"error\":\"$undefined\",\"errorStyles\":\"$undefined\",\"errorScripts\":\"$undefined\",\"template\":[\"$\",\"$3\",null,{\"children\":[\"$\",\"$L6\",null,{},null,[],1]},null,[],0],\"templateStyles\":\"$undefined\",\"templateScripts\":\"$undefined\",\"notFound\":\"$Y\",\"forbidden\":\"$undefined\",\"unauthorized\":\"$undefined\"},null,[],1],\"params\":\"$Y\"}}\n4:D\"$7\"\nc:{\"name\":\"NotFound\",\"env\":\"Server\",\"key\":null,\"owner\":null,\"stack\":[],\"props\":{}}\nb:D\"$c\"\nd:{\"name\":\"HTTPAccessErrorFallback\",\"env\":\"Server\",\"key\":null,\"owner\":\"$c\",\"stack\":[],\"props\":{\"status\":404,\"message\":\"This page could not be found.\"}}\nb:D\"$d\"\nb:[[\"$\",\"title\",null,{\"children\":\"404: This page could not be found.\"},\"$d\",[],1],[\"$\",\"div\",null,{\"style\":{\"fontFamily\":\"system-ui,\\\"Segoe UI\\\",Roboto,Helvetica,Arial,sans-serif,\\\"Apple Color Emoji\\\",\\\"Segoe UI Emoji\\\"\",\"height\":\"100vh\",\"textAlign\":\"center\",\"display\":\"flex\",\"flexDirection\":\"column\",\"alignItems\":\"center\",\"justifyContent\":\"center\"},\"children\":[\"$\",\"div\",null,{\"children\":[[\"$\",\"style\",null,{\"dangerouslySetInnerHTML\":{\"__html\":\"body{color:#000;background:#fff;margin:0}.next-error-h1{border-right:1px solid rgba(0,0,0,.3)}@media (prefers-color-scheme:dark){body{color:#fff;background:#000}.next-error-h1{border-right:1px solid rgba(255,255,255,.3)}}\"}},\"$d\",["])</script><script>self.__next_f.push([1,"],1],[\"$\",\"h1\",null,{\"className\":\"next-error-h1\",\"style\":{\"display\":\"inline-block\",\"margin\":\"0 20px 0 0\",\"padding\":\"0 23px 0 0\",\"fontSize\":24,\"fontWeight\":500,\"verticalAlign\":\"top\",\"lineHeight\":\"49px\"},\"children\":404},\"$d\",[],1],[\"$\",\"div\",null,{\"style\":{\"display\":\"inline-block\"},\"children\":[\"$\",\"h2\",null,{\"style\":{\"fontSize\":14,\"fontWeight\":400,\"lineHeight\":\"49px\",\"margin\":0},\"children\":\"This page could not be found.\"},\"$d\",[],1]},\"$d\",[],1]]},\"$d\",[],1]},\"$d\",[],1]]\n4:[\"$\",\"html\",null,{\"lang\":\"en\",\"children\":[\"$\",\"body\",null,{\"className\":\"font-sans __variable_fb8f2c __variable_f910ec\",\"suppressHydrationWarning\":true,\"children\":[[\"$\",\"$L8\",null,{\"children\":[\"$\",\"$9\",null,{\"fallback\":[\"$\",\"$La\",null,{},\"$7\",[[\"RootLayout\",\"webpack-internal:///(rsc)/./app/layout.tsx\",43,110]],0],\"children\":[\"$\",\"$L5\",null,{\"parallelRouterKey\":\"children\",\"error\":\"$undefined\",\"errorStyles\":\"$undefined\",\"errorScripts\":\"$undefined\",\"template\":[\"$\",\"$L6\",null,{},null,[],1],\"templateStyles\":\"$undefined\",\"templateScripts\":\"$undefined\",\"notFound\":[\"$b\",[]],\"forbidden\":\"$undefined\",\"unauthorized\":\"$undefined\"},null,[],1]},\"$7\",[[\"RootLayout\",\"webpack-internal:///(rsc)/./app/layout.tsx\",42,106]],1]},\"$7\",[[\"RootLayout\",\"webpack-internal:///(rsc)/./app/layout.tsx\",41,92]],1],[\"$\",\"$Le\",null,{\"richColors\":true,\"position\":\"top-right\"},\"$7\",[[\"RootLayout\",\"webpack-internal:///(rsc)/./app/layout.tsx\",59,92]],1],[\"$\",\"$Lf\",null,{},\"$7\",[[\"RootLayout\",\"webpack-internal:///(rsc)/./app/layout.tsx\",67,92]],1]]},\"$7\",[[\"RootLayout\",\"webpack-internal:///(rsc)/./app/layout.tsx\",37,94]],1]},\"$7\",[[\"RootLayout\",\"webpack-internal:///(rsc)/./app/layout.tsx\",35,87]],1]\n11:{\"name\":\"NotFound\",\"env\":\"Server\",\"key\":null,\"owner\":null,\"stack\":[],\"props\":{\"params\":\"$@\",\"searchParams\":\"$@\"}}\n10:D\"$11\"\n12:{\"name\":\"HTTPAccessErrorFallback\",\"env\":\"Server\",\"key\":null,\"owner\":\"$11\",\"stack\":[],\"props\":{\"status\":404,\"message\":\"This page could not be found.\"}}\n10:D\"$12\"\n10:[[\"$\",\"title\",null,{\"children\":\"404: This page could not be found.\"},\"$12\",[],1],[\"$\",\"div\",null,{\"sty"])</script><script>self.__next_f.push([1,"le\":\"$b:1:props:style\",\"children\":[\"$\",\"div\",null,{\"children\":[[\"$\",\"style\",null,{\"dangerouslySetInnerHTML\":{\"__html\":\"body{color:#000;background:#fff;margin:0}.next-error-h1{border-right:1px solid rgba(0,0,0,.3)}@media (prefers-color-scheme:dark){body{color:#fff;background:#000}.next-error-h1{border-right:1px solid rgba(255,255,255,.3)}}\"}},\"$12\",[],1],[\"$\",\"h1\",null,{\"className\":\"next-error-h1\",\"style\":\"$b:1:props:children:props:children:1:props:style\",\"children\":404},\"$12\",[],1],[\"$\",\"div\",null,{\"style\":\"$b:1:props:children:props:children:2:props:style\",\"children\":[\"$\",\"h2\",null,{\"style\":\"$b:1:props:children:props:children:2:props:children:props:style\",\"children\":\"This page could not be found.\"},\"$12\",[],1]},\"$12\",[],1]]},\"$12\",[],1]},\"$12\",[],1]]\n14:{\"name\":\"\",\"env\":\"Server\",\"key\":null,\"owner\":null,\"stack\":[],\"props\":{}}\n13:D\"$14\"\n15:{\"name\":\"MetadataTree\",\"env\":\"Server\",\"key\":null,\"owner\":null,\"stack\":[],\"props\":{}}\n13:D\"$15\"\n18:{\"name\":\"__next_metadata_boundary__\",\"env\":\"Server\",\"key\":null,\"owner\":\"$15\",\"stack\":[],\"props\":{}}\n17:D\"$18\"\n13:[\"$\",\"$L16\",null,{\"children\":\"$L17\"},\"$15\",[],1]\n1b:{\"name\":\"__next_outlet_boundary__\",\"env\":\"Server\",\"key\":null,\"owner\":null,\"stack\":[],\"props\":{\"ready\":\"$E(async function getViewportReady() {\\n        await viewport();\\n        return undefined;\\n    })\"}}\n1a:D\"$1b\"\n1d:{\"name\":\"__next_outlet_boundary__\",\"env\":\"Server\",\"key\":null,\"owner\":null,\"stack\":[],\"props\":{\"ready\":\"$E(async function getMetadataReady() {\\n        // Only warm up metadata() call when it's blocking metadata,\\n        // otherwise it will be fully managed by AsyncMetadata component.\\n        if (!serveStreamingMetadata) {\\n            await metadata();\\n        }\\n        return undefined;\\n    })\"}}\n1c:D\"$1d\"\n1f:{\"name\":\"StreamingMetadataOutlet\",\"env\":\"Server\",\"key\":null,\"owner\":null,\"stack\":[],\"props\":{}}\n1e:D\"$1f\"\n1e:[\"$\",\"$L20\",null,{\"promise\":\"$@21\"},\"$1f\",[],1]\n"])</script><script>self.__next_f.push([1,"28:{\"name\":\"NonIndex\",\"env\":\"Server\",\"key\":null,\"owner\":null,\"stack\":[],\"props\":{\"ctx\":{\"componentMod\":{\"GlobalError\":\"$23\",\"__next_app__\":{\"require\":\"$E(function __webpack_require__(moduleId) {\\n/******/ \\t\\t// Check if module is in cache\\n/******/ \\t\\tvar cachedModule = __webpack_module_cache__[moduleId];\\n/******/ \\t\\tif (cachedModule !== undefined) {\\n/******/ \\t\\t\\treturn cachedModule.exports;\\n/******/ \\t\\t}\\n/******/ \\t\\t// Create a new module (and put it into the cache)\\n/******/ \\t\\tvar module = __webpack_module_cache__[moduleId] = {\\n/******/ \\t\\t\\tid: moduleId,\\n/******/ \\t\\t\\tloaded: false,\\n/******/ \\t\\t\\texports: {}\\n/******/ \\t\\t};\\n/******/ \\t\\n/******/ \\t\\t// Execute the module function\\n/******/ \\t\\tvar threw = true;\\n/******/ \\t\\ttry {\\n/******/ \\t\\t\\t__webpack_modules__[moduleId](module, module.exports, __webpack_require__);\\n/******/ \\t\\t\\tthrew = false;\\n/******/ \\t\\t} finally {\\n/******/ \\t\\t\\tif(threw) delete __webpack_module_cache__[moduleId];\\n/******/ \\t\\t}\\n/******/ \\t\\n/******/ \\t\\t// Flag the module as loaded\\n/******/ \\t\\tmodule.loaded = true;\\n/******/ \\t\\n/******/ \\t\\t// Return the exports of the module\\n/******/ \\t\\treturn module.exports;\\n/******/ \\t})\",\"loadChunk\":\"$E(() =\u003e Promise.resolve())\"},\"pages\":[],\"routeModule\":{\"userland\":{\"loaderTree\":[\"\",\"$Y\",\"$Y\"]},\"definition\":\"$Y\"},\"tree\":\"$Y\",\"ClientPageRoot\":\"$24\",\"ClientSegmentRoot\":\"$25\",\"HTTPAccessFallbackBoundary\":\"$26\",\"LayoutRouter\":\"$5\",\"MetadataBoundary\":\"$16\",\"OutletBoundary\":\"$19\",\"Postpone\":\"$E(function Postpone({ reason, route }) {\\n    const prerenderStore = _workunitasyncstorageexternal.workUnitAsyncStorage.getStore();\\n    const dynamicTracking = prerenderStore \u0026\u0026 prerenderStore.type === 'prerender-ppr' ? prerenderStore.dynamicTracking : null;\\n    postponeWithTracking(route, reason, dynamicTracking);\\n})\",\"RenderFromTemplateContext\":\"$6\",\"ViewportBoundary\":\"$27\",\"actionAsyncStorage\":\"$Y\",\"collectSegmentData\":\"$E(async function collectSegmentData(shouldAssumePartialData, fullPageDataBuffer, staleTime, clientModules, serverConsumerManifest, fallbackRouteParams) {\\n    // Traverse the router tree and generate a prefetch response for each segment.\\n    // A mutable map to collect the results as we traverse the route tree.\\n    const resultMap = new Map();\\n    // Before we start, warm up the module cache by decoding the page data once.\\n    // Then we can assume that any remaining async tasks that occur the next time\\n    // are due to hanging promises caused by dynamic data access. Note we only\\n    // have to do this once per page, not per individual segment.\\n    //\\n    try {\\n        await (0, _clientedge.createFromReadableStream)((0, _nodewebstreamshelper.streamFromBuffer)(fullPageDataBuffer), {\\n            serverConsumerManifest\\n        });\\n        await (0, _scheduler.waitAtLeastOneReactRenderTask)();\\n    } catch  {}\\n    // Create an abort controller that we'll use to stop the stream.\\n    const abortController = new AbortController();\\n    const onCompletedProcessingRouteTree = async ()=\u003e{\\n        // Since all we're doing is decoding and re-encoding a cached prerender, if\\n        // serializing the stream takes longer than a microtask, it must because of\\n        // hanging promises caused by dynamic data.\\n        await (0, _scheduler.waitAtLeastOneReactRenderTask)();\\n        abortController.abort();\\n    };\\n    // Generate a stream for the route tree prefetch. While we're walking the\\n    // tree, we'll also spawn additional tasks to generate the segment prefetches.\\n    // The promises for these tasks are pushed to a mutable array that we will\\n    // await once the route tree is fully rendered.\\n    const segmentTasks = [];\\n    const { prelude: treeStream } = await (0, _staticedge.unstable_prerender)(// RootTreePrefetch is not a valid return type for a React component, but\\n    // we need to use a component so that when we decode the original stream\\n    // inside of it, the side effects are transferred to the new stream.\\n    // @ts-expect-error\\n    /*#__PURE__*/ (0, _jsxruntime.jsx)(PrefetchTreeData, {\\n        shouldAssumePartialData: shouldAssumePartialData,\\n        fullPageDataBuffer: fullPageDataBuffer,\\n        fallbackRouteParams: fallbackRouteParams,\\n        serverConsumerManifest: serverConsumerManifest,\\n        clientModules: clientModules,\\n        staleTime: staleTime,\\n        segmentTasks: segmentTasks,\\n        onCompletedProcessingRouteTree: onCompletedProcessingRouteTree\\n    }), clientModules, {\\n        signal: abortController.signal,\\n        onError: onSegmentPrerenderError\\n    });\\n    // Write the route tree to a special `/_tree` segment.\\n    const treeBuffer = await (0, _nodewebstreamshelper.streamToBuffer)(treeStream);\\n    resultMap.set('/_tree', treeBuffer);\\n    // Now that we've finished rendering the route tree, all the segment tasks\\n    // should have been spawned. Await them in parallel and write the segment\\n    // prefetches to the result map.\\n    for (const [segmentPath, buffer] of (await Promise.all(segmentTasks))){\\n        resultMap.set(segmentPath, buffer);\\n    }\\n    return resultMap;\\n})\",\"createMetadataComponents\":\"$E(function createMetadataComponents({ tree, searchParams, metadataContext, getDynamicParamFromSegment, appUsingSizeAdjustment, errorType, createServerParamsForMetadata, workStore, MetadataBoundary, ViewportBoundary, serveStreamingMetadata }) {\\n    function ViewportTree() {\\n        return /*#__PURE__*/ (0, _jsxruntime.jsxs)(_jsxruntime.Fragment, {\\n            children: [\\n                /*#__PURE__*/ (0, _jsxruntime.jsx)(ViewportBoundary, {\\n                    children: /*#__PURE__*/ (0, _jsxruntime.jsx)(Viewport, {})\\n                }),\\n                appUsingSizeAdjustment ? /*#__PURE__*/ (0, _jsxruntime.jsx)(\\\"meta\\\", {\\n                    name: \\\"next-size-adjust\\\",\\n                    content: \\\"\\\"\\n                }) : null\\n            ]\\n        });\\n    }\\n    function MetadataTree() {\\n        return /*#__PURE__*/ (0, _jsxruntime.jsx)(MetadataBoundary, {\\n            children: /*#__PURE__*/ (0, _jsxruntime.jsx)(Metadata, {})\\n        });\\n    }\\n    function viewport() {\\n        return getResolvedViewport(tree, searchParams, getDynamicParamFromSegment, createServerParamsForMetadata, workStore, errorType);\\n    }\\n    async function Viewport() {\\n        try {\\n            return await viewport();\\n        } catch (error) {\\n            if (!errorType \u0026\u0026 (0, _httpaccessfallback.isHTTPAccessFallbackError)(error)) {\\n                try {\\n                    return await getNotFoundViewport(tree, searchParams, getDynamicParamFromSegment, createServerParamsForMetadata, workStore);\\n                } catch  {}\\n            }\\n            // We don't actually want to error in this component. We will\\n            // also error in the MetadataOutlet which causes the error to\\n            // bubble from the right position in the page to be caught by the\\n            // appropriate boundaries\\n            return null;\\n        }\\n    }\\n    Viewport.displayName = _metadataconstants.VIEWPORT_BOUNDARY_NAME;\\n    function metadata() {\\n        return getResolvedMetadata(tree, searchParams, getDynamicParamFromSegment, metadataContext, createServerParamsForMetadata, workStore, errorType);\\n    }\\n    async function resolveFinalMetadata() {\\n        let result;\\n        let error = null;\\n        try {\\n            result = await metadata();\\n            return {\\n                metadata: result,\\n                error: null,\\n                digest: undefined\\n            };\\n        } catch (metadataErr) {\\n            error = metadataErr;\\n            if (!errorType \u0026\u0026 (0, _httpaccessfallback.isHTTPAccessFallbackError)(metadataErr)) {\\n                try {\\n                    result = await getNotFoundMetadata(tree, searchParams, getDynamicParamFromSegment, metadataContext, createServerParamsForMetadata, workStore);\\n                    return {\\n                        metadata: result,\\n                        error,\\n                        digest: error == null ? void 0 : error.digest\\n                    };\\n                } catch (notFoundMetadataErr) {\\n                    error = notFoundMetadataErr;\\n                    // In PPR rendering we still need to throw the postpone error.\\n                    // If metadata is postponed, React needs to be aware of the location of error.\\n                    if (serveStreamingMetadata \u0026\u0026 (0, _ispostpone.isPostpone)(notFoundMetadataErr)) {\\n                        throw notFoundMetadataErr;\\n                    }\\n                }\\n            }\\n            // In PPR rendering we still need to throw the postpone error.\\n            // If metadata is postponed, React needs to be aware of the location of error.\\n            if (serveStreamingMetadata \u0026\u0026 (0, _ispostpone.isPostpone)(metadataErr)) {\\n                throw metadataErr;\\n            }\\n            // We don't actually want to error in this component. We will\\n            // also error in the MetadataOutlet which causes the error to\\n            // bubble from the right position in the page to be caught by the\\n            // appropriate boundaries\\n            return {\\n                metadata: result,\\n                error,\\n                digest: error == null ? void 0 : error.digest\\n            };\\n        }\\n    }\\n    async function Metadata() {\\n        const promise = resolveFinalMetadata();\\n        if (serveStreamingMetadata) {\\n            return /*#__PURE__*/ (0, _jsxruntime.jsx)(_react.Suspense, {\\n                fallback: null,\\n                children: /*#__PURE__*/ (0, _jsxruntime.jsx)(_asyncmetadata.AsyncMetadata, {\\n                    promise: promise\\n                })\\n            });\\n        }\\n        const metadataState = await promise;\\n        return metadataState.metadata;\\n    }\\n    Metadata.displayName = _metadataconstants.METADATA_BOUNDARY_NAME;\\n    async function getMetadataReady() {\\n        // Only warm up metadata() call when it's blocking metadata,\\n        // otherwise it will be fully managed by AsyncMetadata component.\\n        if (!serveStreamingMetadata) {\\n            await metadata();\\n        }\\n        return undefined;\\n    }\\n    async function getViewportReady() {\\n        await viewport();\\n        return undefined;\\n    }\\n    function StreamingMetadataOutlet() {\\n        if (serveStreamingMetadata) {\\n            return /*#__PURE__*/ (0, _jsxruntime.jsx)(_asyncmetadata.AsyncMetadataOutlet, {\\n                promise: resolveFinalMetadata()\\n            });\\n        }\\n        return null;\\n    }\\n    return {\\n        ViewportTree,\\n        MetadataTree,\\n        getViewportReady,\\n        getMetadataReady,\\n        StreamingMetadataOutlet\\n    };\\n})\",\"createPrerenderParamsForClientSegment\":\"$E(function createPrerenderParamsForClientSegment(underlyingParams, workStore) {\\n    const prerenderStore = _workunitasyncstorageexternal.workUnitAsyncStorage.getStore();\\n    if (prerenderStore \u0026\u0026 prerenderStore.type === 'prerender') {\\n        const fallbackParams = workStore.fallbackRouteParams;\\n        if (fallbackParams) {\\n            for(let key in underlyingParams){\\n                if (fallbackParams.has(key)) {\\n                    // This params object has one of more fallback params so we need to consider\\n                    // the awaiting of this params object \\\"dynamic\\\". Since we are in dynamicIO mode\\n                    // we encode this as a promise that never resolves\\n                    return (0, _dynamicrenderingutils.makeHangingPromise)(prerenderStore.renderSignal, '`params`');\\n                }\\n            }\\n        }\\n    }\\n    // We're prerendering in a mode that does not abort. We resolve the promise without\\n    // any tracking because we're just transporting a value from server to client where the tracking\\n    // will be applied.\\n    return Promise.resolve(underlyingParams);\\n})\",\"createPrerenderSearchParamsForClientPage\":\"$E(function createPrerenderSearchParamsForClientPage(workStore) {\\n    if (workStore.forceStatic) {\\n        // When using forceStatic we override all other logic and always just return an empty\\n        // dictionary object.\\n        return Promise.resolve({});\\n    }\\n    const prerenderStore = _workunitasyncstorageexternal.workUnitAsyncStorage.getStore();\\n    if (prerenderStore \u0026\u0026 prerenderStore.type === 'prerender') {\\n        // dynamicIO Prerender\\n        // We're prerendering in a mode that aborts (dynamicIO) and should stall\\n        // the promise to ensure the RSC side is considered dynamic\\n        return (0, _dynamicrenderingutils.makeHangingPromise)(prerenderStore.renderSignal, '`searchParams`');\\n    }\\n    // We're prerendering in a mode that does not aborts. We resolve the promise without\\n    // any tracking because we're just transporting a value from server to client where the tracking\\n    // will be applied.\\n    return Promise.resolve({});\\n})\",\"createServerParamsForMetadata\":\"$E(function createServerParamsForServerSegment(underlyingParams, workStore) {\\n    const workUnitStore = _workunitasyncstorageexternal.workUnitAsyncStorage.getStore();\\n    if (workUnitStore) {\\n        switch(workUnitStore.type){\\n            case 'prerender':\\n            case 'prerender-ppr':\\n            case 'prerender-legacy':\\n                return createPrerenderParams(underlyingParams, workStore, workUnitStore);\\n            default:\\n        }\\n    }\\n    return createRenderParams(underlyingParams, workStore);\\n})\",\"createServerParamsForServerSegment\":\"$E(function createServerParamsForServerSegment(underlyingParams, workStore) {\\n    const workUnitStore = _workunitasyncstorageexternal.workUnitAsyncStorage.getStore();\\n    if (workUnitStore) {\\n        switch(workUnitStore.type){\\n            case 'prerender':\\n            case 'prerender-ppr':\\n            case 'prerender-legacy':\\n                return createPrerenderParams(underlyingParams, workStore, workUnitStore);\\n            default:\\n        }\\n    }\\n    return createRenderParams(underlyingParams, workStore);\\n})\",\"createServerSearchParamsForMetadata\":\"$E(function createServerSearchParamsForServerPage(underlyingSearchParams, workStore) {\\n    const workUnitStore = _workunitasyncstorageexternal.workUnitAsyncStorage.getStore();\\n    if (workUnitStore) {\\n        switch(workUnitStore.type){\\n            case 'prerender':\\n            case 'prerender-ppr':\\n            case 'prerender-legacy':\\n                return createPrerenderSearchParams(workStore, workUnitStore);\\n            default:\\n        }\\n    }\\n    return createRenderSearchParams(underlyingSearchParams, workStore);\\n})\",\"createServerSearchParamsForServerPage\":\"$E(function createServerSearchParamsForServerPage(underlyingSearchParams, workStore) {\\n    const workUnitStore = _workunitasyncstorageexternal.workUnitAsyncStorage.getStore();\\n    if (workUnitStore) {\\n        switch(workUnitStore.type){\\n            case 'prerender':\\n            case 'prerender-ppr':\\n            case 'prerender-legacy':\\n                return createPrerenderSearchParams(workStore, workUnitStore);\\n            default:\\n        }\\n    }\\n    return createRenderSearchParams(underlyingSearchParams, workStore);\\n})\",\"createTemporaryReferenceSet\":\"$E(function(){return new WeakMap})\",\"decodeAction\":\"$E(function(body,serverManifest){var formData=new FormData,action=null;return body.forEach(function(value1,key){key.startsWith(\\\"$ACTION_\\\")?key.startsWith(\\\"$ACTION_REF_\\\")?(value1=decodeBoundActionMetaData(body,serverManifest,value1=\\\"$ACTION_\\\"+key.slice(12)+\\\":\\\"),action=loadServerReference(serverManifest,value1.id,value1.bound)):key.startsWith(\\\"$ACTION_ID_\\\")\u0026\u0026(action=loadServerReference(serverManifest,value1=key.slice(11),null)):formData.append(key,value1)}),null===action?null:action.then(function(fn){return fn.bind(null,formData)})})\",\"decodeFormState\":\"$E(function(actionResult,body,serverManifest){var keyPath=body.get(\\\"$ACTION_KEY\\\");if(\\\"string\\\"!=typeof keyPath)return Promise.resolve(null);var metaData=null;if(body.forEach(function(value1,key){key.startsWith(\\\"$ACTION_REF_\\\")\u0026\u0026(metaData=decodeBoundActionMetaData(body,serverManifest,\\\"$ACTION_\\\"+key.slice(12)+\\\":\\\"))}),null===metaData)return Promise.resolve(null);var referenceId=metaData.id;return Promise.resolve(metaData.bound).then(function(bound){return null===bound?null:[actionResult,keyPath,referenceId,bound.length-1]})})\",\"decodeReply\":\"$E(function(body,webpackMap,options){if(\\\"string\\\"==typeof body){var form=new FormData;form.append(\\\"0\\\",body),body=form}return webpackMap=getChunk(body=createResponse(webpackMap,\\\"\\\",options?options.temporaryReferences:void 0,body),0),close(body),webpackMap})\",\"patchFetch\":\"$E(function patchFetch() {\\n    return (0, _patchfetch.patchFetch)({\\n        workAsyncStorage: _workasyncstorageexternal.workAsyncStorage,\\n        workUnitAsyncStorage: _workunitasyncstorageexternal.workUnitAsyncStorage\\n    });\\n})\",\"preconnect\":\"$E(function preconnect(href, crossOrigin, nonce) {\\n    const opts = {};\\n    if (typeof crossOrigin === 'string') {\\n        opts.crossOrigin = crossOrigin;\\n    }\\n    if (typeof nonce === 'string') {\\n        opts.nonce = nonce;\\n    }\\n    ;\\n    _reactdom.default.preconnect(href, opts);\\n})\",\"preloadFont\":\"$E(function preloadFont(href, type, crossOrigin, nonce) {\\n    const opts = {\\n        as: 'font',\\n        type\\n    };\\n    if (typeof crossOrigin === 'string') {\\n        opts.crossOrigin = crossOrigin;\\n    }\\n    if (typeof nonce === 'string') {\\n        opts.nonce = nonce;\\n    }\\n    _reactdom.default.preload(href, opts);\\n})\",\"preloadStyle\":\"$E(function preloadStyle(href, crossOrigin, nonce) {\\n    const opts = {\\n        as: 'style'\\n    };\\n    if (typeof crossOrigin === 'string') {\\n        opts.crossOrigin = crossOrigin;\\n    }\\n    if (typeof nonce === 'string') {\\n        opts.nonce = nonce;\\n    }\\n    _reactdom.default.preload(href, opts);\\n})\",\"prerender\":\"$E(function(model,webpackMap,options){return new Promise(function(resolve,reject){var request=new RequestInstance(PRERENDER,model,webpackMap,options?options.onError:void 0,options?options.identifierPrefix:void 0,options?options.onPostpone:void 0,options?options.temporaryReferences:void 0,options?options.environmentName:void 0,options?options.filterStackFrame:void 0,function(){resolve({prelude:new ReadableStream({type:\\\"bytes\\\",start:function(){startWork(request)},pull:function(controller){startFlowing(request,controller)},cancel:function(reason){request.destination=null,abort(request,reason)}},{highWaterMark:0})})},reject);if(options\u0026\u0026options.signal){var signal=options.signal;if(signal.aborted)abort(request,signal.reason);else{var listener=function(){abort(request,signal.reason),signal.removeEventListener(\\\"abort\\\",listener)};signal.addEventListener(\\\"abort\\\",listener)}}startWork(request)})})\",\"renderToReadableStream\":\"$E(function(model,webpackMap,options){var request=new RequestInstance(20,model,webpackMap,options?options.onError:void 0,options?options.identifierPrefix:void 0,options?options.onPostpone:void 0,options?options.temporaryReferences:void 0,options?options.environmentName:void 0,options?options.filterStackFrame:void 0,noop,noop);if(options\u0026\u0026options.signal){var signal=options.signal;if(signal.aborted)abort(request,signal.reason);else{var listener=function(){abort(request,signal.reason),signal.removeEventListener(\\\"abort\\\",listener)};signal.addEventListener(\\\"abort\\\",listener)}}return new ReadableStream({type:\\\"bytes\\\",start:function(){startWork(request)},pull:function(controller){startFlowing(request,controller)},cancel:function(reason){request.destination=null,abort(request,reason)}},{highWaterMark:0})})\",\"serverHooks\":\"$Y\",\"taintObjectReference\":\"$E(function notImplemented() {\\n    throw Object.defineProperty(new Error('Taint can only be used with the taint flag.'), \\\"__NEXT_ERROR_CODE\\\", {\\n        value: \\\"E354\\\",\\n        enumerable: false,\\n        configurable: true\\n    });\\n})\",\"workAsyncStorage\":\"$Y\",\"workUnitAsyncStorage\":\"$Y\"},\"url\":\"$Y\",\"renderOpts\":\"$Y\",\"workStore\":\"$Y\",\"parsedRequestHeaders\":\"$Y\",\"getDynamicParamFromSegment\":\"$E(function(segment){let segmentParam=getSegmentParam(segment);if(!segmentParam)return null;let key=segmentParam.param,value1=params[key];if(fallbackRouteParams\u0026\u0026fallbackRouteParams.has(segmentParam.param)?value1=fallbackRouteParams.get(segmentParam.param):Array.isArray(value1)?value1=value1.map(i=\u003eencodeURIComponent(i)):\\\"string\\\"==typeof value1\u0026\u0026(value1=encodeURIComponent(value1)),!value1){let isCatchall=\\\"catchall\\\"===segmentParam.type,isOptionalCatchall=\\\"optional-catchall\\\"===segmentParam.type;if(isCatchall||isOptionalCatchall){let dynamicParamType=dynamicParamTypes[segmentParam.type];return isOptionalCatchall?{param:key,value:null,type:dynamicParamType,treeSegment:[key,\\\"\\\",dynamicParamType]}:{param:key,value:value1=pagePath.split(\\\"/\\\").slice(1).flatMap(pathSegment=\u003e{let param=function(param){let match=param.match(PARAMETER_PATTERN);return match?parseMatchedParameter(match[2]):parseMatchedParameter(param)}(pathSegment);return params[param.key]??param.key}),type:dynamicParamType,treeSegment:[key,value1.join(\\\"/\\\"),dynamicParamType]}}}let type=function(type){let short=dynamicParamTypes[type];if(!short)throw Object.defineProperty(Error(\\\"Unknown dynamic param type\\\"),\\\"__NEXT_ERROR_CODE\\\",{value:\\\"E378\\\",enumerable:!1,configurable:!0});return short}(segmentParam.type);return{param:key,value:value1,treeSegment:[key,Array.isArray(value1)?value1.join(\\\"/\\\"):value1,type],type:type}})\",\"query\":\"$Y\",\"isPrefetch\":false,\"isAction\":true,\"requestTimestamp\":1772819508926,\"appUsingSizeAdjustment\":false,\"flightRouterState\":\"$undefined\",\"requestId\":\"ODC2aJyFDY0zyH9kC9_gY\",\"pagePath\":\"/404\",\"clientReferenceManifest\":\"$Y\",\"assetPrefix\":\"\",\"isNotFoundPath\":true,\"nonce\":\"$undefined\",\"res\":\"$Y\",\"sharedContext\":\"$Y\"}}}\n"])</script><script>self.__next_f.push([1,"22:D\"$28\"\n22:null\n2a:{\"name\":\"ViewportTree\",\"env\":\"Server\",\"key\":\"ODC2aJyFDY0zyH9kC9_gY\",\"owner\":null,\"stack\":[],\"props\":{}}\n29:D\"$2a\"\n2c:{\"name\":\"__next_viewport_boundary__\",\"env\":\"Server\",\"key\":null,\"owner\":\"$2a\",\"stack\":[],\"props\":{}}\n2b:D\"$2c\"\n29:[\"$\",\"$3\",\"ODC2aJyFDY0zyH9kC9_gY\",{\"children\":[[\"$\",\"$L27\",null,{\"children\":\"$L2b\"},\"$2a\",[],1],null]},null,null,0]\n2e:{\"name\":\"\",\"env\":\"Server\",\"key\":null,\"owner\":null,\"stack\":[],\"props\":{}}\n2d:D\"$2e\"\n2d:null\n2f:[]\n0:{\"P\":\"$1\",\"b\":\"development\",\"p\":\"\",\"c\":[\"\",\"api\",\"auth\",\"bridge-session\"],\"i\":false,\"f\":[[[\"\",{\"children\":[\"/_not-found\",{\"children\":[\"__PAGE__\",{}]}]},\"$undefined\",\"$undefined\",true],[\"\",[\"$\",\"$3\",\"c\",{\"children\":[[[\"$\",\"link\",\"0\",{\"rel\":\"stylesheet\",\"href\":\"/_next/static/css/app/layout.css?v=1772819508926\",\"precedence\":\"next_static/css/app/layout.css\",\"crossOrigin\":\"$undefined\",\"nonce\":\"$undefined\"},null,[],0]],\"$4\"]},null,[],0],{\"children\":[\"/_not-found\",[\"$\",\"$3\",\"c\",{\"children\":[null,[\"$\",\"$L5\",null,{\"parallelRouterKey\":\"children\",\"error\":\"$undefined\",\"errorStyles\":\"$undefined\",\"errorScripts\":\"$undefined\",\"template\":[\"$\",\"$L6\",null,{},null,[],1],\"templateStyles\":\"$undefined\",\"templateScripts\":\"$undefined\",\"notFound\":\"$undefined\",\"forbidden\":\"$undefined\",\"unauthorized\":\"$undefined\"},null,[],1]]},null,[],0],{\"children\":[\"__PAGE__\",[\"$\",\"$3\",\"c\",{\"children\":[\"$10\",\"$13\",null,[\"$\",\"$L19\",null,{\"children\":[\"$L1a\",\"$L1c\",\"$1e\"]},null,[],1]]},null,[],0],{},null,false]},null,false]},null,false],[\"$\",\"$3\",\"h\",{\"children\":[\"$22\",\"$29\",\"$2d\"]},null,[],0],false]],\"m\":\"$W2f\",\"G\":[\"$23\",\"$undefined\"],\"s\":false,\"S\":false}\n17:[\"$\",\"$9\",null,{\"fallback\":null,\"children\":[\"$\",\"$L30\",null,{\"promise\":\"$@31\"},\"$18\",[],1]},\"$18\",[],1]\n1c:null\n31:{\"metadata\":[[\"$\",\"title\",\"0\",{\"children\":\"EKSUCORE - Student Management Platform\"},\"$18\",[],0],[\"$\",\"meta\",\"1\",{\"name\":\"description\",\"content\":\"Comprehensive student management platform for educational institutions\"},\"$18\",[],0],[\"$\",\"meta\",\"2\",{\"name\":\"generator\",\"content\":\"AKDebug-BB\"},\"$18\",[],0]],\"error\":null,\"digest\":\"$unde"])</script><script>self.__next_f.push([1,"fined\"}\n21:{\"metadata\":\"$31:metadata\",\"error\":null,\"digest\":\"$undefined\"}\n2b:[[\"$\",\"meta\",\"0\",{\"charSet\":\"utf-8\"},\"$1b\",[],0],[\"$\",\"meta\",\"1\",{\"name\":\"viewport\",\"content\":\"width=device-width, initial-scale=1\"},\"$1b\",[],0]]\n1a:null\n"])</script></body></html>
